// Jest Snapshot v1, https://goo.gl/fbAQLP

exports[`Button Component should match snapshot 1`] = `
<div>
  <button
    class="flex items-center justify-center gap-1 px-4 py-1 bg-blue-500 rounded-lg border-2 border-blue-500 font-medium w-full text-white"
  >
    <div
      class=""
    />
    <div
      class=""
    >
      Snapshot Test
    </div>
  </button>
</div>
`;
